
> my-react-app@0.0.0 build
> tsc -b && vite build Check-In

src/components/AdminHeader.tsx(3,10): error TS6133: 'useLocation' is declared but its value is never read.
src/components/HighFidelityBess3D.tsx(32,15): error TS2451: Cannot redeclare block-scoped variable 'textureLoader'.
src/components/HighFidelityBess3D.tsx(201,15): error TS2451: Cannot redeclare block-scoped variable 'textureLoader'.
src/components/HighFidelityBess3D.tsx(208,32): error TS18046: 'img' is of type 'unknown'.
src/components/HighFidelityBess3D.tsx(208,59): error TS18046: 'img' is of type 'unknown'.
src/components/HighFidelityBess3D.tsx(211,31): error TS2345: Argument of type 'unknown' is not assignable to parameter of type 'CanvasImageSource'.
