src/components/BatteryAnatomyVisual.tsx(449,44): error TS6133: 't' is declared but its value is never read.
src/components/BatteryLifecycleStory.tsx(18,11): error TS6133: 'labelRefs' is declared but its value is never read.
src/components/BatteryLifecycleStory.tsx(161,39): error TS6133: 't' is declared but its value is never read.
src/components/BatteryLifecycleStory.tsx(228,39): error TS6133: 't' is declared but its value is never read.
src/components/BatteryLifecycleStory.tsx(291,39): error TS6133: 't' is declared but its value is never read.
src/components/BatteryLifecycleStory.tsx(291,42): error TS6133: 'charge' is declared but its value is never read.
src/components/BatteryLifecycleStory.tsx(315,39): error TS6133: 't' is declared but its value is never read.
src/components/BatteryLifecycleStory.tsx(343,39): error TS6133: 't' is declared but its value is never read.
src/components/BatteryLifecycleStory.tsx(371,39): error TS6133: 't' is declared but its value is never read.
src/components/BatteryLifecycleStory.tsx(371,42): error TS6133: 'charge' is declared but its value is never read.
src/components/HubStorySequence.tsx(131,11): error TS6133: 'isActive' is declared but its value is never read.
